******************************************************************************
            TI ARM Clang Linker PC v4.0.1                      
******************************************************************************
>> Linked Mon Jan 27 05:55:38 2025

OUTPUT FILE NAME:   <MSPM0G3507-DEMOS.out>
ENTRY POINT SYMBOL: "_c_int00_noargs"  address: 00000449


MEMORY CONFIGURATION

         name            origin    length      used     unused   attr    fill
----------------------  --------  ---------  --------  --------  ----  --------
  FLASH                 00000000   00020000  00000558  0001faa8  R  X
  SRAM                  20200000   00008000  000002c0  00007d40  RW X
  BCR_CONFIG            41c00000   00000080  00000000  00000080  R   
  BSL_CONFIG            41c00100   00000080  00000000  00000080  R   


SEGMENT ALLOCATION MAP

run origin  load origin   length   init length attrs members
----------  ----------- ---------- ----------- ----- -------
00000000    00000000    00000558   00000558    r-x
  00000000    00000000    000000c0   000000c0    r-- .intvecs
  000000c0    000000c0    00000450   00000450    r-x .text
  00000510    00000510    00000018   00000018    r-- .rodata
  00000528    00000528    00000030   00000030    r-- .cinit
20200000    20200000    000000c0   00000000    rw-
  20200000    20200000    000000bc   00000000    rw- .bss
  202000bc    202000bc    00000004   00000000    rw- .data
20207e00    20207e00    00000200   00000000    rw-
  20207e00    20207e00    00000200   00000000    rw- .stack


SECTION ALLOCATION MAP

 output                                  attributes/
section   page    origin      length       input sections
--------  ----  ----------  ----------   ----------------
.intvecs   0    00000000    000000c0     
                  00000000    000000c0     startup_mspm0g350x_ticlang.o (.intvecs)

.text      0    000000c0    00000450     
                  000000c0    000000e8     dl_timer.o (.text.DL_Timer_initTimerMode)
                  000001a8    0000009a     libc.a : memcpy16.S.obj (.text:memcpy)
                  00000242    00000002     startup_mspm0g350x_ticlang.o (.text.Default_Handler)
                  00000244    00000080     main.o (.text.main)
                  000002c4    0000007c     libc.a : copy_decompress_lzss.c.obj (.text:decompress:lzss)
                  00000340    00000044     ti_msp_dl_config.o (.text.SYSCFG_DL_TIMER_0_init)
                  00000384    0000003c     libc.a : autoinit.c.obj (.text:__TI_auto_init_nobinit_nopinit)
                  000003c0    00000030     ti_msp_dl_config.o (.text.SYSCFG_DL_SYSCTL_init)
                  000003f0    0000002c     ti_msp_dl_config.o (.text.SYSCFG_DL_initPower)
                  0000041c    0000002c     main.o (.text.TIMA0_IRQHandler)
                  00000448    00000028     libc.a : boot_cortex_m.c.obj (.text:_c_int00_noargs)
                  00000470    00000020     ti_msp_dl_config.o (.text.SYSCFG_DL_init)
                  00000490    0000001c     dl_timer.o (.text.DL_Timer_setClockConfig)
                  000004ac    0000001c     ti_msp_dl_config.o (.text.SYSCFG_DL_GPIO_init)
                  000004c8    00000016     libc.a : copy_zero_init.c.obj (.text:decompress:ZI:__TI_zero_init_nomemset)
                  000004de    00000012            : copy_decompress_none.c.obj (.text:decompress:none)
                  000004f0    0000000a     dl_common.o (.text.DL_Common_delayCycles)
                  000004fa    00000002     --HOLE-- [fill = 0]
                  000004fc    00000008     libclang_rt.builtins.a : aeabi_memcpy.S.obj (.text.__aeabi_memcpy)
                  00000504    00000004     startup_mspm0g350x_ticlang.o (.text.Reset_Handler)
                  00000508    00000004     libc.a : pre_init.c.obj (.text._system_pre_init)
                  0000050c    00000004            : exit.c.obj (.text:abort)

.cinit     0    00000528    00000030     
                  00000528    0000000c     (__TI_handler_table)
                  00000534    00000008     (.cinit..bss.load) [load image, compression = zero_init]
                  0000053c    00000007     (.cinit..data.load) [load image, compression = lzss]
                  00000543    00000001     --HOLE-- [fill = 0]
                  00000544    00000010     (__TI_cinit_table)
                  00000554    00000004     --HOLE-- [fill = 0]

.rodata    0    00000510    00000018     
                  00000510    00000014     ti_msp_dl_config.o (.rodata.gTIMER_0TimerConfig)
                  00000524    00000003     ti_msp_dl_config.o (.rodata.gTIMER_0ClockConfig)
                  00000527    00000001     --HOLE-- [fill = 0]

.init_array 
*          0    00000000    00000000     UNINITIALIZED

.binit     0    00000000    00000000     

.bss       0    20200000    000000bc     UNINITIALIZED
                  20200000    000000bc     (.common:gTIMER_0Backup)

.data      0    202000bc    00000004     UNINITIALIZED
                  202000bc    00000004     main.o (.data.timerCounter)

.stack     0    20207e00    00000200     UNINITIALIZED
                  20207e00    00000004     libc.a : boot_cortex_m.c.obj (.stack)
                  20207e04    000001fc     --HOLE--

__llvm_prf_cnts 
*          0    20200000    00000000     UNINITIALIZED

__llvm_prf_bits 
*          0    20200000    00000000     UNINITIALIZED

MODULE SUMMARY

       Module                         code   ro data   rw data
       ------                         ----   -------   -------
    .\
       ti_msp_dl_config.o             220    23        188    
       startup_mspm0g350x_ticlang.o   6      192       0      
       main.o                         172    0         4      
    +--+------------------------------+------+---------+---------+
       Total:                         398    215       192    
                                                              
    .\ti\driverlib\
       dl_timer.o                     260    0         0      
       dl_common.o                    10     0         0      
    +--+------------------------------+------+---------+---------+
       Total:                         270    0         0      
                                                              
    C:\ti\ccs2001\ccs\tools\compiler\ti-cgt-armllvm_4.0.1.LTS\lib\armv6m-ti-none-eabi/c/libc.a
       memcpy16.S.obj                 154    0         0      
       copy_decompress_lzss.c.obj     124    0         0      
       autoinit.c.obj                 60     0         0      
       boot_cortex_m.c.obj            40     0         0      
       copy_zero_init.c.obj           22     0         0      
       copy_decompress_none.c.obj     18     0         0      
       exit.c.obj                     4      0         0      
       pre_init.c.obj                 4      0         0      
    +--+------------------------------+------+---------+---------+
       Total:                         426    0         0      
                                                              
    C:\ti\ccs2001\ccs\tools\compiler\ti-cgt-armllvm_4.0.1.LTS\lib\armv6m-ti-none-eabi/libclang_rt.builtins.a
       aeabi_memcpy.S.obj             8      0         0      
    +--+------------------------------+------+---------+---------+
       Total:                         8      0         0      
                                                              
       Stack:                         0      0         512    
       Linker Generated:              0      43        0      
    +--+------------------------------+------+---------+---------+
       Grand Total:                   1102   258       704    


LINKER GENERATED COPY TABLES

__TI_cinit_table @ 00000544 records: 2, size/record: 8, table size: 16
	.bss: load addr=00000534, load size=00000008 bytes, run addr=20200000, run size=000000bc bytes, compression=zero_init
	.data: load addr=0000053c, load size=00000007 bytes, run addr=202000bc, run size=00000004 bytes, compression=lzss


LINKER GENERATED HANDLER TABLE

__TI_handler_table @ 00000528 records: 3, size/record: 4, table size: 12
	index: 0, handler: __TI_decompress_lzss
	index: 1, handler: __TI_decompress_none
	index: 2, handler: __TI_zero_init


GLOBAL SYMBOLS: SORTED ALPHABETICALLY BY Name 

address   name                          
-------   ----                          
00000243  ADC0_IRQHandler               
00000243  ADC1_IRQHandler               
00000243  AES_IRQHandler                
0000050c  C$$EXIT                       
00000243  CANFD0_IRQHandler             
00000243  DAC0_IRQHandler               
000004f1  DL_Common_delayCycles         
000000c1  DL_Timer_initTimerMode        
00000491  DL_Timer_setClockConfig       
00000243  DMA_IRQHandler                
00000243  Default_Handler               
00000243  GROUP0_IRQHandler             
00000243  GROUP1_IRQHandler             
00000243  HardFault_Handler             
00000243  I2C0_IRQHandler               
00000243  I2C1_IRQHandler               
00000243  NMI_Handler                   
00000243  PendSV_Handler                
00000243  RTC_IRQHandler                
00000505  Reset_Handler                 
00000243  SPI0_IRQHandler               
00000243  SPI1_IRQHandler               
00000243  SVC_Handler                   
000004ad  SYSCFG_DL_GPIO_init           
000003c1  SYSCFG_DL_SYSCTL_init         
00000341  SYSCFG_DL_TIMER_0_init        
00000471  SYSCFG_DL_init                
000003f1  SYSCFG_DL_initPower           
00000243  SysTick_Handler               
0000041d  TIMA0_IRQHandler              
00000243  TIMA1_IRQHandler              
00000243  TIMG0_IRQHandler              
00000243  TIMG12_IRQHandler             
00000243  TIMG6_IRQHandler              
00000243  TIMG7_IRQHandler              
00000243  TIMG8_IRQHandler              
00000243  UART0_IRQHandler              
00000243  UART1_IRQHandler              
00000243  UART2_IRQHandler              
00000243  UART3_IRQHandler              
20208000  __STACK_END                   
00000200  __STACK_SIZE                  
00000000  __TI_ATRegion0_region_sz      
00000000  __TI_ATRegion0_src_addr       
00000000  __TI_ATRegion0_trg_addr       
00000000  __TI_ATRegion1_region_sz      
00000000  __TI_ATRegion1_src_addr       
00000000  __TI_ATRegion1_trg_addr       
00000000  __TI_ATRegion2_region_sz      
00000000  __TI_ATRegion2_src_addr       
00000000  __TI_ATRegion2_trg_addr       
00000544  __TI_CINIT_Base               
00000554  __TI_CINIT_Limit              
00000554  __TI_CINIT_Warm               
00000528  __TI_Handler_Table_Base       
00000534  __TI_Handler_Table_Limit      
00000385  __TI_auto_init_nobinit_nopinit
000002c5  __TI_decompress_lzss          
000004df  __TI_decompress_none          
ffffffff  __TI_pprof_out_hndl           
ffffffff  __TI_prof_data_size           
ffffffff  __TI_prof_data_start          
00000000  __TI_static_base__            
000004c9  __TI_zero_init_nomemset       
000004fd  __aeabi_memcpy                
000004fd  __aeabi_memcpy4               
000004fd  __aeabi_memcpy8               
ffffffff  __binit__                     
UNDEFED   __mpu_init                    
20207e00  __stack                       
20200000  __start___llvm_prf_bits       
20200000  __start___llvm_prf_cnts       
20200000  __stop___llvm_prf_bits        
20200000  __stop___llvm_prf_cnts        
00000449  _c_int00_noargs               
UNDEFED   _system_post_cinit            
00000509  _system_pre_init              
0000050d  abort                         
ffffffff  binit                         
20200000  gTIMER_0Backup                
00000000  interruptVectors              
00000245  main                          
000001a9  memcpy                        
202000bc  timerCounter                  


GLOBAL SYMBOLS: SORTED BY Symbol Address 

address   name                          
-------   ----                          
00000000  __TI_ATRegion0_region_sz      
00000000  __TI_ATRegion0_src_addr       
00000000  __TI_ATRegion0_trg_addr       
00000000  __TI_ATRegion1_region_sz      
00000000  __TI_ATRegion1_src_addr       
00000000  __TI_ATRegion1_trg_addr       
00000000  __TI_ATRegion2_region_sz      
00000000  __TI_ATRegion2_src_addr       
00000000  __TI_ATRegion2_trg_addr       
00000000  __TI_static_base__            
00000000  interruptVectors              
000000c1  DL_Timer_initTimerMode        
000001a9  memcpy                        
00000200  __STACK_SIZE                  
00000243  ADC0_IRQHandler               
00000243  ADC1_IRQHandler               
00000243  AES_IRQHandler                
00000243  CANFD0_IRQHandler             
00000243  DAC0_IRQHandler               
00000243  DMA_IRQHandler                
00000243  Default_Handler               
00000243  GROUP0_IRQHandler             
00000243  GROUP1_IRQHandler             
00000243  HardFault_Handler             
00000243  I2C0_IRQHandler               
00000243  I2C1_IRQHandler               
00000243  NMI_Handler                   
00000243  PendSV_Handler                
00000243  RTC_IRQHandler                
00000243  SPI0_IRQHandler               
00000243  SPI1_IRQHandler               
00000243  SVC_Handler                   
00000243  SysTick_Handler               
00000243  TIMA1_IRQHandler              
00000243  TIMG0_IRQHandler              
00000243  TIMG12_IRQHandler             
00000243  TIMG6_IRQHandler              
00000243  TIMG7_IRQHandler              
00000243  TIMG8_IRQHandler              
00000243  UART0_IRQHandler              
00000243  UART1_IRQHandler              
00000243  UART2_IRQHandler              
00000243  UART3_IRQHandler              
00000245  main                          
000002c5  __TI_decompress_lzss          
00000341  SYSCFG_DL_TIMER_0_init        
00000385  __TI_auto_init_nobinit_nopinit
000003c1  SYSCFG_DL_SYSCTL_init         
000003f1  SYSCFG_DL_initPower           
0000041d  TIMA0_IRQHandler              
00000449  _c_int00_noargs               
00000471  SYSCFG_DL_init                
00000491  DL_Timer_setClockConfig       
000004ad  SYSCFG_DL_GPIO_init           
000004c9  __TI_zero_init_nomemset       
000004df  __TI_decompress_none          
000004f1  DL_Common_delayCycles         
000004fd  __aeabi_memcpy                
000004fd  __aeabi_memcpy4               
000004fd  __aeabi_memcpy8               
00000505  Reset_Handler                 
00000509  _system_pre_init              
0000050c  C$$EXIT                       
0000050d  abort                         
00000528  __TI_Handler_Table_Base       
00000534  __TI_Handler_Table_Limit      
00000544  __TI_CINIT_Base               
00000554  __TI_CINIT_Limit              
00000554  __TI_CINIT_Warm               
20200000  __start___llvm_prf_bits       
20200000  __start___llvm_prf_cnts       
20200000  __stop___llvm_prf_bits        
20200000  __stop___llvm_prf_cnts        
20200000  gTIMER_0Backup                
202000bc  timerCounter                  
20207e00  __stack                       
20208000  __STACK_END                   
ffffffff  __TI_pprof_out_hndl           
ffffffff  __TI_prof_data_size           
ffffffff  __TI_prof_data_start          
ffffffff  __binit__                     
ffffffff  binit                         
UNDEFED   __mpu_init                    
UNDEFED   _system_post_cinit            

[84 symbols]
